
======================================================
                 PIPELINE INICIADO
======================================================
[2026-08-18 17:03:45] [INFO] Data: Tue Aug 18 05:03:45 PM UTC 2026
[2026-08-18 17:03:45] [INFO] CPUs disponíveis: 2
[2026-08-18 17:03:45] [INFO] Diretório: /content
[2026-08-18 17:03:45] [INFO] Arquivo de log: logs/pipeline_20260818_170345.log
======================================================
[2026-08-18 17:03:45] [INFO] Verificando ferramentas...
[2026-08-18 17:03:45] [OK] prefetch encontrado: /usr/bin/prefetch
[2026-08-18 17:03:45] [OK] fasterq-dump encontrado: /usr/bin/fasterq-dump
[2026-08-18 17:03:45] [OK] FastQC encontrado: /usr/bin/fastqc
[2026-08-18 17:03:45] [OK] MultiQC encontrado: /usr/local/bin/multiqc
[2026-08-18 17:03:45] [OK] Trim Galore encontrado: /root/.cargo/bin/trim_galore

[2026-08-18 17:03:45] [INFO] Espaço disponível em /content:
Filesystem      Size  Used Avail Use% Mounted on
overlay         108G   35G   74G  33% /


======================================================
[2026-08-18 17:03:45] [INFO] Processando amostra: SRR5221957
======================================================
[2026-08-18 17:03:45] [INFO] [SRR5221957] Arquivo SRA já existe. Pulando download.
[2026-08-18 17:03:45] [INFO] [SRR5221957] FASTQ já existe. Pulando fasterq-dump.
[2026-08-18 17:03:45] [INFO] [SRR5221957] FastQC já foi executado. Pulando.
[2026-08-18 17:03:45] [OK] [SRR5221957] Etapas iniciais concluídas.

======================================================
[2026-08-18 17:03:45] [INFO] Processando amostra: SRR5221958
======================================================
[2026-08-18 17:03:45] [INFO] [SRR5221958] Arquivo SRA já existe. Pulando download.
[2026-08-18 17:03:45] [INFO] [SRR5221958] FASTQ já existe. Pulando fasterq-dump.
[2026-08-18 17:03:45] [INFO] [SRR5221958] FastQC já foi executado. Pulando.
[2026-08-18 17:03:45] [OK] [SRR5221958] Etapas iniciais concluídas.

======================================================
[2026-08-18 17:03:45] [INFO] Processando amostra: SRR5221961
======================================================
[2026-08-18 17:03:45] [INFO] [SRR5221961] Arquivo SRA já existe. Pulando download.
[2026-08-18 17:03:45] [INFO] [SRR5221961] FASTQ já existe. Pulando fasterq-dump.
[2026-08-18 17:03:45] [INFO] [SRR5221961] FastQC já foi executado. Pulando.
[2026-08-18 17:03:45] [OK] [SRR5221961] Etapas iniciais concluídas.

======================================================
[2026-08-18 17:03:45] [INFO] Processando amostra: SRR5221962
======================================================
[2026-08-18 17:03:45] [INFO] [SRR5221962] Arquivo SRA já existe. Pulando download.
[2026-08-18 17:03:45] [INFO] [SRR5221962] FASTQ já existe. Pulando fasterq-dump.
[2026-08-18 17:03:45] [INFO] [SRR5221962] FastQC já foi executado. Pulando.
[2026-08-18 17:03:45] [OK] [SRR5221962] Etapas iniciais concluídas.

======================================================
[2026-08-18 17:03:45] [INFO] Executando MultiQC...
======================================================

/// MultiQC 🔍 v1.35

       file_search | Search path: /content/qc

            fastqc | Found 4 reports

     write_results | Existing reports found, adding suffix to filenames. Use '--force' to overwrite.
     write_results | Data        : qc/multiqc_data_1
     write_results | Report      : qc/multiqc_report_1.html
           multiqc | MultiQC complete
[2026-08-18 17:03:58] [OK] MultiQC concluído em 13 segundos.

======================================================
[2026-08-18 17:03:58] [INFO] Iniciando Trim Galore...
======================================================
[2026-08-18 17:03:58] [INFO] [SRR5221957] Executando Trim Galore...

Trim Galore v2.3.0
unknown — linux/x86_64 — built 2026-08-18T16:26:00Z
==================================================

Auto-detecting adapter type...
Using Illumina adapter for trimming (count: 17924). Second best hit was Nextera (count: 0).
Adapter: Illumina (AGATCGGAAGAGC)

Poly-G trimming: not enabled (auto-detection found 6 of 1000000 reads (0.00%) with poly-G tails — below threshold). To force-enable: --poly_g
Trimming: fastq/SRR5221957.fastq
Output:   trimmed/SRR5221957_trimmed.fq

=== Summary ===

Total reads processed:              9081325
Reads with adapters:                6226940 (68.6%)
Reads too short:                      32730 (0.4%)
Reads written (passing filters):    9048595 (99.6%)

Report: trimmed/SRR5221957.fastq_trimming_report.txt
JSON report: trimmed/SRR5221957.fastq_trimming_report.json
[2026-08-18 17:04:50] [OK] [SRR5221957] Trim Galore concluído em 52 segundos.
[2026-08-18 17:04:50] [INFO] [SRR5221958] Executando Trim Galore...

Trim Galore v2.3.0
unknown — linux/x86_64 — built 2026-08-18T16:26:00Z
==================================================

Auto-detecting adapter type...
Using Illumina adapter for trimming (count: 13430). Second best hit was Nextera (count: 0).
Adapter: Illumina (AGATCGGAAGAGC)

Poly-G trimming: not enabled (auto-detection found 7 of 1000000 reads (0.00%) with poly-G tails — below threshold). To force-enable: --poly_g
Trimming: fastq/SRR5221958.fastq
Output:   trimmed/SRR5221958_trimmed.fq

=== Summary ===

Total reads processed:             10198831
Reads with adapters:                7015315 (68.8%)
Reads too short:                      34581 (0.3%)
Reads written (passing filters):   10164250 (99.7%)

Report: trimmed/SRR5221958.fastq_trimming_report.txt
JSON report: trimmed/SRR5221958.fastq_trimming_report.json
[2026-08-18 17:06:02] [OK] [SRR5221958] Trim Galore concluído em 72 segundos.
[2026-08-18 17:06:02] [INFO] [SRR5221961] Executando Trim Galore...

Trim Galore v2.3.0
unknown — linux/x86_64 — built 2026-08-18T16:26:00Z
==================================================

Auto-detecting adapter type...
Using Illumina adapter for trimming (count: 11514). Second best hit was Nextera (count: 0).
Adapter: Illumina (AGATCGGAAGAGC)

Poly-G trimming: not enabled (auto-detection found 6 of 1000000 reads (0.00%) with poly-G tails — below threshold). To force-enable: --poly_g
Trimming: fastq/SRR5221961.fastq
Output:   trimmed/SRR5221961_trimmed.fq

=== Summary ===

Total reads processed:             12862702
Reads with adapters:                8377010 (65.1%)
Reads too short:                      42529 (0.3%)
Reads written (passing filters):   12820173 (99.7%)

Report: trimmed/SRR5221961.fastq_trimming_report.txt
JSON report: trimmed/SRR5221961.fastq_trimming_report.json
[2026-08-18 17:07:14] [OK] [SRR5221961] Trim Galore concluído em 72 segundos.
[2026-08-18 17:07:14] [INFO] [SRR5221962] Executando Trim Galore...

Trim Galore v2.3.0
unknown — linux/x86_64 — built 2026-08-18T16:26:00Z
==================================================

Auto-detecting adapter type...
Using Illumina adapter for trimming (count: 10847). Second best hit was Nextera (count: 0).
Adapter: Illumina (AGATCGGAAGAGC)

Poly-G trimming: not enabled (auto-detection found 10 of 1000000 reads (0.00%) with poly-G tails — below threshold). To force-enable: --poly_g
Trimming: fastq/SRR5221962.fastq
Output:   trimmed/SRR5221962_trimmed.fq

=== Summary ===

Total reads processed:             11777969
Reads with adapters:                7645882 (64.9%)
Reads too short:                      38178 (0.3%)
Reads written (passing filters):   11739791 (99.7%)

Report: trimmed/SRR5221962.fastq_trimming_report.txt
JSON report: trimmed/SRR5221962.fastq_trimming_report.json
[2026-08-18 17:08:23] [OK] [SRR5221962] Trim Galore concluído em 69 segundos.

======================================================
[2026-08-18 17:08:23] [INFO] Iniciando FastQC pós-trimagem...
======================================================
[2026-08-18 17:08:23] [INFO] [SRR5221957] Executando FastQC pós-trimagem...
[0.049s][warning][os,container] Cgroup memory controller path at '/sys/fs/cgroup' seems to have moved to '/../../jupyter-children', detected limits won't be accurate
[0.049s][warning][os,container] Cgroup cpu controller path at '/sys/fs/cgroup' seems to have moved to '/../../jupyter-children', detected limits won't be accurate
Started analysis of SRR5221957_trimmed.fq
Approx 5% complete for SRR5221957_trimmed.fq
Approx 10% complete for SRR5221957_trimmed.fq
Approx 15% complete for SRR5221957_trimmed.fq
Approx 20% complete for SRR5221957_trimmed.fq
Approx 25% complete for SRR5221957_trimmed.fq
Approx 30% complete for SRR5221957_trimmed.fq
Approx 35% complete for SRR5221957_trimmed.fq
Approx 40% complete for SRR5221957_trimmed.fq
Approx 45% complete for SRR5221957_trimmed.fq
Approx 50% complete for SRR5221957_trimmed.fq
Approx 55% complete for SRR5221957_trimmed.fq
Approx 60% complete for SRR5221957_trimmed.fq
Approx 65% complete for SRR5221957_trimmed.fq
Approx 70% complete for SRR5221957_trimmed.fq
Approx 75% complete for SRR5221957_trimmed.fq
Approx 80% complete for SRR5221957_trimmed.fq
Approx 85% complete for SRR5221957_trimmed.fq
Approx 90% complete for SRR5221957_trimmed.fq
Approx 95% complete for SRR5221957_trimmed.fq
Analysis complete for SRR5221957_trimmed.fq
[2026-08-18 17:09:19] [OK] [SRR5221957] FastQC pós-trimagem concluído em 56 segundos.
[2026-08-18 17:09:19] [INFO] [SRR5221958] Executando FastQC pós-trimagem...
[0.002s][warning][os,container] Cgroup memory controller path at '/sys/fs/cgroup' seems to have moved to '/../../jupyter-children', detected limits won't be accurate
[0.002s][warning][os,container] Cgroup cpu controller path at '/sys/fs/cgroup' seems to have moved to '/../../jupyter-children', detected limits won't be accurate
Started analysis of SRR5221958_trimmed.fq
Approx 5% complete for SRR5221958_trimmed.fq
Approx 10% complete for SRR5221958_trimmed.fq
Approx 15% complete for SRR5221958_trimmed.fq
Approx 20% complete for SRR5221958_trimmed.fq
Approx 25% complete for SRR5221958_trimmed.fq
Approx 30% complete for SRR5221958_trimmed.fq
Approx 35% complete for SRR5221958_trimmed.fq
Approx 40% complete for SRR5221958_trimmed.fq
Approx 45% complete for SRR5221958_trimmed.fq
Approx 50% complete for SRR5221958_trimmed.fq
Approx 55% complete for SRR5221958_trimmed.fq
Approx 60% complete for SRR5221958_trimmed.fq
Approx 65% complete for SRR5221958_trimmed.fq
Approx 70% complete for SRR5221958_trimmed.fq
Approx 75% complete for SRR5221958_trimmed.fq
Approx 80% complete for SRR5221958_trimmed.fq
Approx 85% complete for SRR5221958_trimmed.fq
Approx 90% complete for SRR5221958_trimmed.fq
Approx 95% complete for SRR5221958_trimmed.fq
Analysis complete for SRR5221958_trimmed.fq
[2026-08-18 17:10:11] [OK] [SRR5221958] FastQC pós-trimagem concluído em 52 segundos.
[2026-08-18 17:10:11] [INFO] [SRR5221961] Executando FastQC pós-trimagem...
[0.005s][warning][os,container] Cgroup memory controller path at '/sys/fs/cgroup' seems to have moved to '/../../jupyter-children', detected limits won't be accurate
[0.005s][warning][os,container] Cgroup cpu controller path at '/sys/fs/cgroup' seems to have moved to '/../../jupyter-children', detected limits won't be accurate
Started analysis of SRR5221961_trimmed.fq
Approx 5% complete for SRR5221961_trimmed.fq
Approx 10% complete for SRR5221961_trimmed.fq
Approx 15% complete for SRR5221961_trimmed.fq
Approx 20% complete for SRR5221961_trimmed.fq
Approx 25% complete for SRR5221961_trimmed.fq
Approx 30% complete for SRR5221961_trimmed.fq
Approx 35% complete for SRR5221961_trimmed.fq
Approx 40% complete for SRR5221961_trimmed.fq
Approx 45% complete for SRR5221961_trimmed.fq
Approx 50% complete for SRR5221961_trimmed.fq
Approx 55% complete for SRR5221961_trimmed.fq
Approx 60% complete for SRR5221961_trimmed.fq
Approx 65% complete for SRR5221961_trimmed.fq
Approx 70% complete for SRR5221961_trimmed.fq
Approx 75% complete for SRR5221961_trimmed.fq
Approx 80% complete for SRR5221961_trimmed.fq
Approx 85% complete for SRR5221961_trimmed.fq
Approx 90% complete for SRR5221961_trimmed.fq
Approx 95% complete for SRR5221961_trimmed.fq
Analysis complete for SRR5221961_trimmed.fq
[2026-08-18 17:11:18] [OK] [SRR5221961] FastQC pós-trimagem concluído em 67 segundos.
[2026-08-18 17:11:18] [INFO] [SRR5221962] Executando FastQC pós-trimagem...
[0.004s][warning][os,container] Cgroup memory controller path at '/sys/fs/cgroup' seems to have moved to '/../../jupyter-children', detected limits won't be accurate
[0.004s][warning][os,container] Cgroup cpu controller path at '/sys/fs/cgroup' seems to have moved to '/../../jupyter-children', detected limits won't be accurate
Started analysis of SRR5221962_trimmed.fq
Approx 5% complete for SRR5221962_trimmed.fq
Approx 10% complete for SRR5221962_trimmed.fq
Approx 15% complete for SRR5221962_trimmed.fq
Approx 20% complete for SRR5221962_trimmed.fq
Approx 25% complete for SRR5221962_trimmed.fq
Approx 30% complete for SRR5221962_trimmed.fq
Approx 35% complete for SRR5221962_trimmed.fq
Approx 40% complete for SRR5221962_trimmed.fq
Approx 45% complete for SRR5221962_trimmed.fq
Approx 50% complete for SRR5221962_trimmed.fq
Approx 55% complete for SRR5221962_trimmed.fq
Approx 60% complete for SRR5221962_trimmed.fq
Approx 65% complete for SRR5221962_trimmed.fq
Approx 70% complete for SRR5221962_trimmed.fq
Approx 75% complete for SRR5221962_trimmed.fq
Approx 80% complete for SRR5221962_trimmed.fq
Approx 85% complete for SRR5221962_trimmed.fq
Approx 90% complete for SRR5221962_trimmed.fq
Approx 95% complete for SRR5221962_trimmed.fq
Analysis complete for SRR5221962_trimmed.fq
[2026-08-18 17:12:15] [OK] [SRR5221962] FastQC pós-trimagem concluído em 57 segundos.

======================================================
[2026-08-18 17:12:15] [INFO] Executando MultiQC pós-trimagem...
======================================================

/// MultiQC 🔍 v1.35

       file_search | Search path: /content/qc/fastqc_trimmed

            fastqc | Found 4 reports

     write_results | Data        : qc/multireport_trimmed_data
     write_results | Report      : qc/multireport_trimmed.html
           multiqc | MultiQC complete
[2026-08-18 17:12:25] [OK] MultiQC pós-trimagem concluído em 10 segundos.

======================================================
                PIPELINE FINALIZADO
======================================================
[2026-08-18 17:12:25] [OK] Data de término: Tue Aug 18 05:12:25 PM UTC 2026
[2026-08-18 17:12:25] [OK] Log completo: logs/pipeline_20260818_170345.log
======================================================
